\BOOKMARK [0][-]{chapter*.1}{\376\377\000A\000c\000k\000n\000o\000w\000l\000e\000d\000g\000e\000m\000e\000n\000t\000s}{}% 1
\BOOKMARK [0][-]{chapter*.2}{\376\377\000T\000a\000b\000l\000e\000\040\000o\000f\000\040\000c\000o\000n\000t\000e\000n\000t\000s}{}% 2
\BOOKMARK [0][-]{chapter*.3}{\376\377\000L\000i\000s\000t\000\040\000o\000f\000\040\000a\000b\000b\000r\000e\000v\000i\000a\000t\000i\000o\000n\000s}{}% 3
\BOOKMARK [0][-]{chapter*.4}{\376\377\000G\000e\000n\000e\000r\000a\000l\000\040\000I\000n\000t\000r\000o\000d\000u\000c\000t\000i\000o\000n}{}% 4
\BOOKMARK [0][-]{chapter.1}{\376\377\000G\000e\000n\000e\000r\000a\000l\000\040\000F\000r\000a\000m\000e\000w\000o\000r\000k\000\040\000o\000f\000\040\000t\000h\000e\000\040\000P\000r\000o\000j\000e\000c\000t}{}% 5
\BOOKMARK [1][-]{section.1.1}{\376\377\000G\000e\000n\000e\000r\000a\000l\000\040\000C\000o\000n\000t\000e\000x\000t\000\040\000o\000f\000\040\000t\000h\000e\000\040\000P\000r\000o\000j\000e\000c\000t}{chapter.1}% 6
\BOOKMARK [1][-]{section.1.2}{\376\377\000C\000o\000m\000p\000a\000n\000y\000\040\000P\000r\000e\000s\000e\000n\000t\000a\000t\000i\000o\000n}{chapter.1}% 7
\BOOKMARK [2][-]{subsection.1.2.1}{\376\377\000O\000r\000g\000a\000n\000i\000z\000a\000t\000i\000o\000n\000a\000l\000\040\000C\000h\000a\000r\000t}{section.1.2}% 8
\BOOKMARK [2][-]{subsection.1.2.2}{\376\377\000E\000x\000i\000s\000t\000i\000n\000g\000\040\000I\000n\000f\000o\000r\000m\000a\000t\000i\000o\000n\000\040\000S\000y\000s\000t\000e\000m\000s}{section.1.2}% 9
\BOOKMARK [1][-]{section.1.3}{\376\377\000P\000r\000o\000b\000l\000e\000m\000\040\000S\000t\000a\000t\000e\000m\000e\000n\000t}{chapter.1}% 10
\BOOKMARK [2][-]{subsection.1.3.1}{\376\377\000I\000d\000e\000n\000t\000i\000f\000i\000e\000d\000\040\000P\000a\000i\000n\000\040\000P\000o\000i\000n\000t\000s}{section.1.3}% 11
\BOOKMARK [2][-]{subsection.1.3.2}{\376\377\000P\000r\000o\000j\000e\000c\000t\000\040\000O\000b\000j\000e\000c\000t\000i\000v\000e}{section.1.3}% 12
\BOOKMARK [1][-]{section.1.4}{\376\377\000R\000e\000q\000u\000i\000r\000e\000m\000e\000n\000t\000s\000\040\000A\000n\000a\000l\000y\000s\000i\000s}{chapter.1}% 13
\BOOKMARK [2][-]{subsection.1.4.1}{\376\377\000F\000u\000n\000c\000t\000i\000o\000n\000a\000l\000\040\000R\000e\000q\000u\000i\000r\000e\000m\000e\000n\000t\000s}{section.1.4}% 14
\BOOKMARK [2][-]{subsection.1.4.2}{\376\377\000N\000o\000n\000-\000F\000u\000n\000c\000t\000i\000o\000n\000a\000l\000\040\000R\000e\000q\000u\000i\000r\000e\000m\000e\000n\000t\000s}{section.1.4}% 15
\BOOKMARK [1][-]{section.1.5}{\376\377\000D\000e\000v\000e\000l\000o\000p\000m\000e\000n\000t\000\040\000M\000e\000t\000h\000o\000d\000o\000l\000o\000g\000y\000:\000\040\000S\000c\000r\000u\000m}{chapter.1}% 16
\BOOKMARK [2][-]{subsection.1.5.1}{\376\377\000W\000h\000y\000\040\000S\000c\000r\000u\000m\000\040\000W\000a\000s\000\040\000C\000h\000o\000s\000e\000n}{section.1.5}% 17
\BOOKMARK [2][-]{subsection.1.5.2}{\376\377\000S\000c\000r\000u\000m\000\040\000F\000r\000a\000m\000e\000w\000o\000r\000k\000\040\000O\000v\000e\000r\000v\000i\000e\000w}{section.1.5}% 18
\BOOKMARK [2][-]{subsection.1.5.3}{\376\377\000S\000p\000r\000i\000n\000t\000\040\000P\000l\000a\000n}{section.1.5}% 19
\BOOKMARK [1][-]{section.1.6}{\376\377\000C\000h\000o\000s\000e\000n\000\040\000T\000e\000c\000h\000n\000o\000l\000o\000g\000i\000e\000s\000\040\000a\000n\000d\000\040\000R\000a\000t\000i\000o\000n\000a\000l\000e}{chapter.1}% 20
\BOOKMARK [1][-]{section.1.7}{\376\377\000T\000e\000c\000h\000n\000o\000l\000o\000g\000y\000\040\000S\000t\000a\000c\000k\000\040\000T\000a\000b\000l\000e}{chapter.1}% 21
\BOOKMARK [1][-]{section.1.8}{\376\377\000C\000h\000a\000p\000t\000e\000r\000\040\000C\000o\000n\000c\000l\000u\000s\000i\000o\000n}{chapter.1}% 22
\BOOKMARK [0][-]{chapter.2}{\376\377\000S\000y\000s\000t\000e\000m\000\040\000A\000n\000a\000l\000y\000s\000i\000s\000\040\000a\000n\000d\000\040\000D\000e\000s\000i\000g\000n}{}% 23
\BOOKMARK [1][-]{section.2.1}{\376\377\000I\000n\000t\000r\000o\000d\000u\000c\000t\000i\000o\000n}{chapter.2}% 24
\BOOKMARK [1][-]{section.2.2}{\376\377\000U\000s\000e\000\040\000C\000a\000s\000e\000\040\000A\000n\000a\000l\000y\000s\000i\000s}{chapter.2}% 25
\BOOKMARK [2][-]{subsection.2.2.1}{\376\377\000A\000c\000t\000o\000r\000s\000\040\000a\000n\000d\000\040\000A\000c\000c\000e\000s\000s\000\040\000S\000c\000o\000p\000e}{section.2.2}% 26
\BOOKMARK [2][-]{subsection.2.2.2}{\376\377\000G\000l\000o\000b\000a\000l\000\040\000U\000s\000e\000\040\000C\000a\000s\000e\000\040\000D\000i\000a\000g\000r\000a\000m}{section.2.2}% 27
\BOOKMARK [2][-]{subsection.2.2.3}{\376\377\000M\000a\000i\000n\000\040\000U\000s\000e\000\040\000C\000a\000s\000e\000s\000\040\000D\000e\000s\000c\000r\000i\000p\000t\000i\000o\000n}{section.2.2}% 28
\BOOKMARK [1][-]{section.2.3}{\376\377\000D\000a\000t\000a\000\040\000A\000r\000c\000h\000i\000t\000e\000c\000t\000u\000r\000e\000\040\000a\000n\000d\000\040\000E\000T\000L\000-\000O\000r\000i\000e\000n\000t\000e\000d\000\040\000D\000e\000s\000i\000g\000n}{chapter.2}% 29
\BOOKMARK [2][-]{subsection.2.3.1}{\376\377\000S\000o\000u\000r\000c\000e\000\040\000S\000y\000s\000t\000e\000m\000s\000\040\000E\000x\000p\000l\000o\000r\000a\000t\000i\000o\000n\000\040\000a\000n\000d\000\040\000T\000a\000b\000l\000e\000\040\000S\000e\000l\000e\000c\000t\000i\000o\000n}{section.2.3}% 30
\BOOKMARK [2][-]{subsection.2.3.2}{\376\377\000V\000i\000e\000w\000\040\000L\000a\000y\000e\000r\000\040\000f\000o\000r\000\040\000E\000T\000L\000\040\000S\000i\000m\000p\000l\000i\000f\000i\000c\000a\000t\000i\000o\000n}{section.2.3}% 31
\BOOKMARK [2][-]{subsection.2.3.3}{\376\377\000U\000n\000i\000f\000i\000e\000d\000\040\000P\000o\000s\000t\000g\000r\000e\000S\000Q\000L\000\040\000T\000a\000r\000g\000e\000t\000\040\000S\000c\000h\000e\000m\000a\000\040\000a\000n\000d\000\040\000I\000n\000t\000e\000g\000r\000a\000t\000i\000o\000n\000\040\000C\000o\000n\000s\000t\000r\000a\000i\000n\000t\000s}{section.2.3}% 32
\BOOKMARK [1][-]{section.2.4}{\376\377\000G\000l\000o\000b\000a\000l\000\040\000S\000y\000s\000t\000e\000m\000\040\000A\000r\000c\000h\000i\000t\000e\000c\000t\000u\000r\000e}{chapter.2}% 33
\BOOKMARK [1][-]{section.2.5}{\376\377\000C\000h\000a\000p\000t\000e\000r\000\040\000C\000o\000n\000c\000l\000u\000s\000i\000o\000n}{chapter.2}% 34
\BOOKMARK [0][-]{chapter.3}{\376\377\000E\000T\000L\000\040\000a\000n\000d\000\040\000U\000n\000i\000f\000i\000e\000d\000\040\000D\000a\000t\000a\000b\000a\000s\000e}{}% 35
\BOOKMARK [1][-]{section.3.1}{\376\377\000I\000n\000t\000r\000o\000d\000u\000c\000t\000i\000o\000n}{chapter.3}% 36
\BOOKMARK [1][-]{section.3.2}{\376\377\000S\000p\000r\000i\000n\000t\000\040\000B\000a\000c\000k\000l\000o\000g}{chapter.3}% 37
\BOOKMARK [1][-]{section.3.3}{\376\377\000S\000p\000r\000i\000n\000t\000\040\000D\000e\000s\000i\000g\000n}{chapter.3}% 38
\BOOKMARK [2][-]{subsection.3.3.1}{\376\377\000R\000e\000f\000i\000n\000e\000m\000e\000n\000t\000\040\000o\000f\000\040\000d\000a\000t\000a\000\040\000r\000u\000l\000e\000s\000\040\000a\000n\000d\000\040\000E\000T\000L\000\040\000m\000a\000p\000p\000i\000n\000g\000s}{section.3.3}% 39
\BOOKMARK [1][-]{section.3.4}{\376\377\000C\000o\000n\000c\000e\000p\000t\000i\000o\000n}{chapter.3}% 40
\BOOKMARK [2][-]{subsection.3.4.1}{\376\377\000E\000T\000L\000\040\000P\000i\000p\000e\000l\000i\000n\000e\000\040\000A\000r\000c\000h\000i\000t\000e\000c\000t\000u\000r\000e}{section.3.4}% 41
\BOOKMARK [2][-]{subsection.3.4.2}{\376\377\000D\000a\000t\000a\000\040\000V\000a\000l\000i\000d\000a\000t\000i\000o\000n\000\040\000a\000n\000d\000\040\000C\000o\000n\000t\000r\000o\000l\000\040\000F\000l\000o\000w}{section.3.4}% 42
\BOOKMARK [2][-]{subsection.3.4.3}{\376\377\000K\000e\000y\000\040\000D\000e\000s\000i\000g\000n\000\040\000A\000d\000v\000a\000n\000t\000a\000g\000e\000s}{section.3.4}% 43
\BOOKMARK [1][-]{section.3.5}{\376\377\000S\000p\000r\000i\000n\000t\000\040\000R\000e\000a\000l\000i\000z\000a\000t\000i\000o\000n}{chapter.3}% 44
\BOOKMARK [2][-]{subsection.3.5.1}{\376\377\000I\000m\000p\000l\000e\000m\000e\000n\000t\000a\000t\000i\000o\000n\000\040\000o\000u\000t\000c\000o\000m\000e\000s}{section.3.5}% 45
\BOOKMARK [1][-]{section.3.6}{\376\377\000C\000o\000n\000c\000l\000u\000s\000i\000o\000n}{chapter.3}% 46
\BOOKMARK [0][-]{chapter.4}{\376\377\000A\000u\000t\000h\000e\000n\000t\000i\000c\000a\000t\000i\000o\000n\000\040\000M\000o\000d\000u\000l\000e}{}% 47
\BOOKMARK [1][-]{section.4.1}{\376\377\000I\000n\000t\000r\000o\000d\000u\000c\000t\000i\000o\000n}{chapter.4}% 48
\BOOKMARK [1][-]{section.4.2}{\376\377\000S\000p\000r\000i\000n\000t\000\040\000B\000a\000c\000k\000l\000o\000g}{chapter.4}% 49
\BOOKMARK [1][-]{section.4.3}{\376\377\000S\000p\000r\000i\000n\000t\000\040\000D\000e\000s\000i\000g\000n}{chapter.4}% 50
\BOOKMARK [1][-]{section.4.4}{\376\377\000C\000o\000n\000c\000e\000p\000t\000i\000o\000n}{chapter.4}% 51
\BOOKMARK [2][-]{subsection.4.4.1}{\376\377\000U\000s\000e\000\040\000C\000a\000s\000e\000\040\000R\000e\000f\000i\000n\000e\000m\000e\000n\000t}{section.4.4}% 52
\BOOKMARK [2][-]{subsection.4.4.2}{\376\377\000D\000e\000t\000a\000i\000l\000e\000d\000\040\000S\000e\000q\000u\000e\000n\000c\000e\000\040\000D\000i\000a\000g\000r\000a\000m\000s}{section.4.4}% 53
\BOOKMARK [1][-]{section.4.5}{\376\377\000S\000p\000r\000i\000n\000t\000\040\000R\000e\000a\000l\000i\000z\000a\000t\000i\000o\000n}{chapter.4}% 54
\BOOKMARK [2][-]{subsection.4.5.1}{\376\377\000A\000u\000t\000h\000e\000n\000t\000i\000c\000a\000t\000i\000o\000n\000\040\000I\000n\000t\000e\000r\000f\000a\000c\000e}{section.4.5}% 55
\BOOKMARK [2][-]{subsection.4.5.2}{\376\377\000A\000d\000m\000i\000n\000\040\000O\000T\000P\000\040\000V\000e\000r\000i\000f\000i\000c\000a\000t\000i\000o\000n\000\040\000I\000n\000t\000e\000r\000f\000a\000c\000e}{section.4.5}% 56
\BOOKMARK [2][-]{subsection.4.5.3}{\376\377\000R\000e\000g\000i\000s\000t\000r\000a\000t\000i\000o\000n\000\040\000I\000n\000t\000e\000r\000f\000a\000c\000e}{section.4.5}% 57
\BOOKMARK [2][-]{subsection.4.5.4}{\376\377\000A\000d\000m\000i\000n\000i\000s\000t\000r\000a\000t\000o\000r\000\040\000A\000c\000c\000o\000u\000n\000t\000\040\000A\000p\000p\000r\000o\000v\000a\000l\000\040\000I\000n\000t\000e\000r\000f\000a\000c\000e}{section.4.5}% 58
\BOOKMARK [2][-]{subsection.4.5.5}{\376\377\000A\000p\000p\000r\000o\000v\000a\000l\000\040\000E\000m\000a\000i\000l\000\040\000N\000o\000t\000i\000f\000i\000c\000a\000t\000i\000o\000n}{section.4.5}% 59
\BOOKMARK [2][-]{subsection.4.5.6}{\376\377\000E\000r\000r\000o\000r\000\040\000H\000a\000n\000d\000l\000i\000n\000g\000\040\000S\000c\000e\000n\000a\000r\000i\000o\000s}{section.4.5}% 60
\BOOKMARK [1][-]{section.4.6}{\376\377\000S\000e\000c\000u\000r\000i\000t\000y\000\040\000C\000o\000n\000s\000i\000d\000e\000r\000a\000t\000i\000o\000n\000s}{chapter.4}% 61
\BOOKMARK [1][-]{section.4.7}{\376\377\000C\000o\000n\000c\000l\000u\000s\000i\000o\000n}{chapter.4}% 62
\BOOKMARK [0][-]{chapter.5}{\376\377\000A\000d\000m\000i\000n\000i\000s\000t\000r\000a\000t\000i\000o\000n\000\040\000M\000o\000d\000u\000l\000e}{}% 63
\BOOKMARK [1][-]{section.5.1}{\376\377\000I\000n\000t\000r\000o\000d\000u\000c\000t\000i\000o\000n}{chapter.5}% 64
\BOOKMARK [1][-]{section.5.2}{\376\377\000S\000p\000r\000i\000n\000t\000\040\000B\000a\000c\000k\000l\000o\000g}{chapter.5}% 65
\BOOKMARK [1][-]{section.5.3}{\376\377\000S\000p\000r\000i\000n\000t\000\040\000D\000e\000s\000i\000g\000n}{chapter.5}% 66
\BOOKMARK [2][-]{subsection.5.3.1}{\376\377\000D\000a\000s\000h\000b\000o\000a\000r\000d\000\040\000m\000o\000d\000u\000l\000e\000\040\000d\000e\000s\000i\000g\000n}{section.5.3}% 67
\BOOKMARK [2][-]{subsection.5.3.2}{\376\377\000P\000r\000o\000j\000e\000c\000t\000s\000\040\000m\000o\000d\000u\000l\000e\000\040\000d\000e\000s\000i\000g\000n}{section.5.3}% 68
\BOOKMARK [1][-]{section.5.4}{\376\377\000C\000o\000n\000c\000e\000p\000t\000i\000o\000n}{chapter.5}% 69
\BOOKMARK [2][-]{subsection.5.4.1}{\376\377\000A\000d\000m\000i\000n\000i\000s\000t\000r\000a\000t\000i\000o\000n\000\040\000u\000s\000e\000\040\000c\000a\000s\000e\000\040\000d\000i\000a\000g\000r\000a\000m}{section.5.4}% 70
\BOOKMARK [1][-]{section.5.5}{\376\377\000S\000p\000r\000i\000n\000t\000\040\000R\000e\000a\000l\000i\000z\000a\000t\000i\000o\000n}{chapter.5}% 71
\BOOKMARK [2][-]{subsection.5.5.1}{\376\377\000I\000m\000p\000l\000e\000m\000e\000n\000t\000a\000t\000i\000o\000n\000\040\000o\000u\000t\000c\000o\000m\000e\000s}{section.5.5}% 72
\BOOKMARK [2][-]{subsection.5.5.2}{\376\377\000A\000d\000m\000i\000n\000i\000s\000t\000r\000a\000t\000i\000o\000n\000\040\000d\000a\000s\000h\000b\000o\000a\000r\000d\000\040\000a\000n\000d\000\040\000u\000s\000e\000r\000s\000\040\000i\000n\000t\000e\000r\000f\000a\000c\000e}{section.5.5}% 73
\BOOKMARK [2][-]{subsection.5.5.3}{\376\377\000P\000r\000o\000j\000e\000c\000t\000s\000\040\000i\000n\000t\000e\000r\000f\000a\000c\000e}{section.5.5}% 74
\BOOKMARK [2][-]{subsection.5.5.4}{\376\377\000A\000s\000s\000i\000g\000n\000\040\000p\000r\000o\000j\000e\000c\000t\000\040\000i\000n\000t\000e\000r\000f\000a\000c\000e}{section.5.5}% 75
\BOOKMARK [2][-]{subsection.5.5.5}{\376\377\000S\000e\000t\000t\000i\000n\000g\000s\000\040\000p\000a\000g\000e\000\040\000i\000n\000t\000e\000r\000f\000a\000c\000e}{section.5.5}% 76
\BOOKMARK [2][-]{subsection.5.5.6}{\376\377\000F\000i\000l\000t\000e\000r\000i\000n\000g\000\040\000a\000n\000d\000\040\000p\000a\000g\000i\000n\000a\000t\000i\000o\000n\000\040\000i\000n\000t\000e\000r\000f\000a\000c\000e}{section.5.5}% 77
\BOOKMARK [1][-]{section.5.6}{\376\377\000C\000o\000n\000c\000l\000u\000s\000i\000o\000n}{chapter.5}% 78
\BOOKMARK [0][-]{chapter.6}{\376\377\000H\000R\000\040\000F\000u\000n\000c\000t\000i\000o\000n\000a\000l\000\040\000M\000o\000d\000u\000l\000e\000s}{}% 79
\BOOKMARK [1][-]{section.6.1}{\376\377\000I\000n\000t\000r\000o\000d\000u\000c\000t\000i\000o\000n}{chapter.6}% 80
\BOOKMARK [1][-]{section.6.2}{\376\377\000S\000p\000r\000i\000n\000t\000\040\000B\000a\000c\000k\000l\000o\000g}{chapter.6}% 81
\BOOKMARK [1][-]{section.6.3}{\376\377\000S\000p\000r\000i\000n\000t\000\040\000D\000e\000s\000i\000g\000n}{chapter.6}% 82
\BOOKMARK [2][-]{subsection.6.3.1}{\376\377\000E\000m\000p\000l\000o\000y\000e\000e\000s\000\040\000p\000a\000g\000e\000\040\000d\000e\000s\000i\000g\000n\000\040\000m\000o\000c\000k\000u\000p}{section.6.3}% 83
\BOOKMARK [2][-]{subsection.6.3.2}{\376\377\000C\000h\000e\000c\000k\000-\000I\000n\000/\000O\000u\000t\000\040\000p\000a\000g\000e\000\040\000d\000e\000s\000i\000g\000n\000\040\000m\000o\000c\000k\000u\000p}{section.6.3}% 84
\BOOKMARK [2][-]{subsection.6.3.3}{\376\377\000E\000m\000p\000l\000o\000y\000e\000e\000\040\000L\000e\000a\000v\000e\000\040\000p\000a\000g\000e\000\040\000d\000e\000s\000i\000g\000n\000\040\000m\000o\000c\000k\000u\000p}{section.6.3}% 85
\BOOKMARK [1][-]{section.6.4}{\376\377\000C\000o\000n\000c\000e\000p\000t\000i\000o\000n}{chapter.6}% 86
\BOOKMARK [2][-]{subsection.6.4.1}{\376\377\000H\000R\000\040\000u\000s\000e\000\040\000c\000a\000s\000e\000\040\000d\000i\000a\000g\000r\000a\000m}{section.6.4}% 87
\BOOKMARK [1][-]{section.6.5}{\376\377\000S\000p\000r\000i\000n\000t\000\040\000R\000e\000a\000l\000i\000z\000a\000t\000i\000o\000n}{chapter.6}% 88
\BOOKMARK [2][-]{subsection.6.5.1}{\376\377\000I\000m\000p\000l\000e\000m\000e\000n\000t\000a\000t\000i\000o\000n\000\040\000o\000u\000t\000c\000o\000m\000e\000s}{section.6.5}% 89
\BOOKMARK [2][-]{subsection.6.5.2}{\376\377\000E\000m\000p\000l\000o\000y\000e\000e\000s\000\040\000p\000a\000g\000e\000\040\000i\000n\000t\000e\000r\000f\000a\000c\000e}{section.6.5}% 90
\BOOKMARK [2][-]{subsection.6.5.3}{\376\377\000C\000h\000e\000c\000k\000-\000I\000n\000/\000O\000u\000t\000\040\000p\000a\000g\000e\000\040\000i\000n\000t\000e\000r\000f\000a\000c\000e}{section.6.5}% 91
\BOOKMARK [2][-]{subsection.6.5.4}{\376\377\000E\000m\000p\000l\000o\000y\000e\000e\000\040\000L\000e\000a\000v\000e\000\040\000p\000a\000g\000e\000\040\000i\000n\000t\000e\000r\000f\000a\000c\000e}{section.6.5}% 92
\BOOKMARK [1][-]{section.6.6}{\376\377\000C\000o\000n\000c\000l\000u\000s\000i\000o\000n}{chapter.6}% 93
\BOOKMARK [0][-]{chapter.7}{\376\377\000P\000r\000o\000j\000e\000c\000t\000\040\000M\000a\000n\000a\000g\000e\000r\000\040\000M\000o\000d\000u\000l\000e\000s}{}% 94
\BOOKMARK [1][-]{section.7.1}{\376\377\000I\000n\000t\000r\000o\000d\000u\000c\000t\000i\000o\000n}{chapter.7}% 95
\BOOKMARK [1][-]{section.7.2}{\376\377\000S\000p\000r\000i\000n\000t\000\040\000B\000a\000c\000k\000l\000o\000g}{chapter.7}% 96
\BOOKMARK [1][-]{section.7.3}{\376\377\000S\000p\000r\000i\000n\000t\000\040\000D\000e\000s\000i\000g\000n}{chapter.7}% 97
\BOOKMARK [2][-]{subsection.7.3.1}{\376\377\000P\000r\000o\000j\000e\000c\000t\000s\000\040\000p\000a\000g\000e\000\040\000d\000e\000s\000i\000g\000n\000\040\000m\000o\000c\000k\000u\000p}{section.7.3}% 98
\BOOKMARK [2][-]{subsection.7.3.2}{\376\377\000M\000e\000m\000b\000e\000r\000s\000\040\000p\000a\000g\000e\000\040\000d\000e\000s\000i\000g\000n\000\040\000m\000o\000c\000k\000u\000p}{section.7.3}% 99
\BOOKMARK [2][-]{subsection.7.3.3}{\376\377\000M\000e\000m\000b\000e\000r\000s\000\040\000A\000t\000t\000e\000n\000d\000a\000n\000c\000e\000\040\000p\000a\000g\000e\000\040\000d\000e\000s\000i\000g\000n\000\040\000m\000o\000c\000k\000u\000p}{section.7.3}% 100
\BOOKMARK [1][-]{section.7.4}{\376\377\000C\000o\000n\000c\000e\000p\000t\000i\000o\000n}{chapter.7}% 101
\BOOKMARK [2][-]{subsection.7.4.1}{\376\377\000P\000r\000o\000j\000e\000c\000t\000\040\000M\000a\000n\000a\000g\000e\000r\000\040\000u\000s\000e\000\040\000c\000a\000s\000e\000\040\000d\000i\000a\000g\000r\000a\000m}{section.7.4}% 102
\BOOKMARK [1][-]{section.7.5}{\376\377\000S\000p\000r\000i\000n\000t\000\040\000R\000e\000a\000l\000i\000z\000a\000t\000i\000o\000n}{chapter.7}% 103
\BOOKMARK [2][-]{subsection.7.5.1}{\376\377\000I\000m\000p\000l\000e\000m\000e\000n\000t\000a\000t\000i\000o\000n\000\040\000o\000u\000t\000c\000o\000m\000e\000s}{section.7.5}% 104
\BOOKMARK [2][-]{subsection.7.5.2}{\376\377\000P\000r\000o\000j\000e\000c\000t\000s\000\040\000p\000a\000g\000e\000\040\000i\000n\000t\000e\000r\000f\000a\000c\000e}{section.7.5}% 105
\BOOKMARK [2][-]{subsection.7.5.3}{\376\377\000M\000e\000m\000b\000e\000r\000s\000\040\000p\000a\000g\000e\000\040\000i\000n\000t\000e\000r\000f\000a\000c\000e}{section.7.5}% 106
\BOOKMARK [2][-]{subsection.7.5.4}{\376\377\000M\000e\000m\000b\000e\000r\000s\000\040\000a\000t\000t\000e\000n\000d\000a\000n\000c\000e\000\040\000m\000o\000n\000i\000t\000o\000r\000i\000n\000g\000\040\000i\000n\000t\000e\000r\000f\000a\000c\000e}{section.7.5}% 107
\BOOKMARK [1][-]{section.7.6}{\376\377\000C\000o\000n\000c\000l\000u\000s\000i\000o\000n}{chapter.7}% 108
\BOOKMARK [0][-]{chapter.8}{\376\377\000R\000H\000\040\000A\000g\000e\000n\000t\000\040\000I\000n\000t\000e\000g\000r\000a\000t\000i\000o\000n}{}% 109
\BOOKMARK [1][-]{section.8.1}{\376\377\000I\000n\000t\000r\000o\000d\000u\000c\000t\000i\000o\000n}{chapter.8}% 110
\BOOKMARK [1][-]{section.8.2}{\376\377\000S\000p\000r\000i\000n\000t\000\040\000B\000a\000c\000k\000l\000o\000g}{chapter.8}% 111
\BOOKMARK [1][-]{section.8.3}{\376\377\000S\000p\000r\000i\000n\000t\000\040\000D\000e\000s\000i\000g\000n}{chapter.8}% 112
\BOOKMARK [2][-]{subsection.8.3.1}{\376\377\000C\000o\000n\000v\000e\000r\000s\000a\000t\000i\000o\000n\000\040\000a\000n\000d\000\040\000i\000n\000t\000e\000r\000a\000c\000t\000i\000o\000n\000\040\000d\000e\000s\000i\000g\000n}{section.8.3}% 113
\BOOKMARK [2][-]{subsection.8.3.2}{\376\377\000L\000a\000n\000g\000G\000r\000a\000p\000h\000\040\000r\000o\000u\000t\000i\000n\000g\000\040\000d\000e\000s\000i\000g\000n}{section.8.3}% 114
\BOOKMARK [1][-]{section.8.4}{\376\377\000C\000o\000n\000c\000e\000p\000t\000i\000o\000n}{chapter.8}% 115
\BOOKMARK [2][-]{subsection.8.4.1}{\376\377\000R\000H\000\040\000A\000g\000e\000n\000t\000\040\000s\000e\000q\000u\000e\000n\000c\000e\000\040\000d\000i\000a\000g\000r\000a\000m}{section.8.4}% 116
\BOOKMARK [2][-]{subsection.8.4.2}{\376\377\000A\000g\000e\000n\000t\000\040\000s\000t\000a\000t\000e\000\040\000m\000o\000d\000e\000l\000\040\000c\000o\000n\000c\000e\000p\000t\000i\000o\000n}{section.8.4}% 117
\BOOKMARK [1][-]{section.8.5}{\376\377\000S\000p\000r\000i\000n\000t\000\040\000R\000e\000a\000l\000i\000z\000a\000t\000i\000o\000n}{chapter.8}% 118
\BOOKMARK [2][-]{subsection.8.5.1}{\376\377\000I\000m\000p\000l\000e\000m\000e\000n\000t\000a\000t\000i\000o\000n\000\040\000o\000u\000t\000c\000o\000m\000e\000s}{section.8.5}% 119
\BOOKMARK [2][-]{subsection.8.5.2}{\376\377\000R\000H\000\040\000A\000g\000e\000n\000t\000\040\000i\000n\000t\000e\000r\000f\000a\000c\000e}{section.8.5}% 120
\BOOKMARK [1][-]{section.8.6}{\376\377\000C\000o\000n\000c\000l\000u\000s\000i\000o\000n}{chapter.8}% 121
